[www.theiamedia.agency/index.html]
[backblue.gif]
[fade.gif]
[index.html]
[www.theiamedia.agency/hubfs/map-ico-logo-theiamedia-color-1.png]
[www.theiamedia.agency/hs/hsstatic/jquery-libs/static-1.1/jquery/jquery-1.7.1.js]
[www.theiamedia.agency/hs/hsstatic/AsyncSupport/static-1.94/sass/rss_post_listing.css]
[cdn2.hubspot.net/hub/7052064/hub_generated/template_assets/1638303680965/hubspot/hubspot_default/shared/responsive/layout.min.css]
[www.theiamedia.agency/hs-fs/hub/5183040/hub_generated/template_assets/28764671800/1606936622165/Marketplace/Neambo/Act21/Coded_Files/Act21.min.css]
[www.theiamedia.agency/generated_global_groups/28789910856.html]
[www.theiamedia.agency/hs-fs/hubfs/TheiaNew5635.png]
[www.theiamedia.agency/creative-and-ux.html]
[www.theiamedia.agency/content-and-social-media.html]
[www.theiamedia.agency/seo-and-revenue-generation.html]
[www.theiamedia.agency/about-us.html]
[no-cache.hubspot.com/cta/default/5183040/4795f195-4234-426f-8756-67a684d6efca.png]
[www.theiamedia.agency/hs/cta/cta/current.js]
[www.theiamedia.agency/web-design-services.html]
[www.theiamedia.agency/website-redesign-service.html]
[www.theiamedia.agency/landing-page-design.html]
[www.theiamedia.agency/email-marketing-services.html]
[www.theiamedia.agency/lead-nurturing-services.html]
[www.theiamedia.agency/ada-and-wcag-compliance.html]
[www.theiamedia.agency/website-seo-copywriting.html]
[www.theiamedia.agency/content-marketing-services.html]
[www.theiamedia.agency/social-media-design.html]
[www.theiamedia.agency/social-media-advertising-services.html]
[www.theiamedia.agency/seo-services.html]
[www.theiamedia.agency/local-seo-services.html]
[www.theiamedia.agency/ppc-management.html]
[www.theiamedia.agency/geofence-advertising.html]
[www.theiamedia.agency/conversion-rate-optimization.html]
[www.theiamedia.agency/page-speed-optimization.html]
[www.theiamedia.agency/resources.html]
[www.theiamedia.agency/customer-support.html]
[www.theiamedia.agency/who-we-help.html]
[www.theiamedia.agency/blog.html]
[www.theiamedia.agency/careers.html]
[www.theiamedia.agency/generated_global_groups/28765508454.html]
[www.theiamedia.agency/hs-fs/hubfs/TheiaNewea29.png]
[www.theiamedia.agency/law-firm-marketing.html]
[www.theiamedia.agency/personal-injury-law-firm-marketing.html]
[www.theiamedia.agency/criminal-defense-firm-marketing.html]
[www.theiamedia.agency/family-law-firm-marketing.html]
[www.theiamedia.agency/estate-and-probate-marketing.html]
[www.theiamedia.agency/home-service-marketing.html]
[www.theiamedia.agency/hvac.html]
[www.theiamedia.agency/plumbing-service-marketing.html]
[www.theiamedia.agency/electrical-service-marketing.html]
[www.theiamedia.agency/roofing-service-marketing.html]
[www.theiamedia.agency/restoration-service-marketing.html]
[www.theiamedia.agency/pest-control-marketing.html]
[www.theiamedia.agency/landscape-service-marketing.html]
[www.theiamedia.agency/moving-service-marketing.html]
[www.theiamedia.agency/medical-practice-marketing.html]
[www.theiamedia.agency/dental-practice-marketing.html]
[www.theiamedia.agency/chiropractor-marketing.html]
[www.theiamedia.agency/orthodontic-practice-marketing.html]
[www.theiamedia.agency/family-medical-practice-marketing.html]
[www.theiamedia.agency/veterinary-practice-marketing.html]
[www.theiamedia.agency/orthopedic-marketing.html]
[www.theiamedia.agency/plastic-surgery-practice-marketing.html]
[www.theiamedia.agency/case-studies.html]
[www.theiamedia.agency/contact-us.html]
[www.theiamedia.agency/generated_global_groups/28765508456.html]
[www.theiamedia.agency/generated_global_groups/28765504090.html]
[www.theiamedia.agency/hs-fs/hubfs/theia_451817.png]
[www.theiamedia.agency/hs-fs/hubfs/Digital Marketing Services Sarasota Theia Media1eb4.jpg]
[no-cache.hubspot.com/cta/default/5183040/55fbede1-4bef-4429-a6a8-5b6c65c5753a.png]
[www.theiamedia.agency/hs-fs/hubfs/PartnerLogos_0005_Layer-20e3f.png]
[www.theiamedia.agency/hs-fs/hubfs/PartnerLogos_0000_Layer-3e63f.png]
[www.theiamedia.agency/hs-fs/hubfs/PartnerLogos_0001_Layer-7ca6f.png]
[www.theiamedia.agency/hs-fs/hubfs/GoDaddyPro91bc.png]
[www.theiamedia.agency/hs-fs/hubfs/PartnerLogos_0003_Layer-5c05e.png]
[www.theiamedia.agency/hs-fs/hubfs/PartnerLogos_0004_Layer-4eafb.png]
[www.theiamedia.agency/hubfs/PartnerLogos_0005_Layer-2.png]
[www.theiamedia.agency/hubfs/PartnerLogos_0000_Layer-3.png]
[www.theiamedia.agency/hubfs/PartnerLogos_0001_Layer-7.png]
[www.theiamedia.agency/hubfs/GoDaddyPro.png]
[www.theiamedia.agency/hubfs/PartnerLogos_0003_Layer-5.png]
[www.theiamedia.agency/hubfs/PartnerLogos_0004_Layer-4.png]
[www.theiamedia.agency/hs-fs/hubfs/devMockupFinal144f.png]
[www.theiamedia.agency/hubfs/Web Design And Development Marketing Sarasota Theia Media.jpg]
[www.theiamedia.agency/hubfs/Stock images/Marketing Agency Sarasota Theia Media.jpg]
[www.theiamedia.agency/hubfs/marketing-department-manager-drawing-chart-U3XLNYT.jpg]
[www.theiamedia.agency/hs-fs/hubfs/Theia_Clients__0001_Layer-3cd58.jpg]
[www.theiamedia.agency/hs-fs/hubfs/Theia_Clients__0002_Layer-20f7e.jpg]
[www.theiamedia.agency/hs-fs/hubfs/Untitled-1_0003_Suncoast5912.jpg]
[www.theiamedia.agency/hs-fs/hubfs/Untitled-1_0004_Total-Mafcf74.jpg]
[www.theiamedia.agency/hs-fs/hubfs/Theia_Clients__0000_Layer-43e26.jpg]
[www.theiamedia.agency/hs-fs/hubfs/SRQ Sign Partners Theia Media Client948c.jpg]
[www.theiamedia.agency/hs-fs/hubfs/Theia-Media-Client__0003_Layer-2753a.png]
[www.theiamedia.agency/hs-fs/hubfs/Theia-Media-Client__0002_Layer-3ffe4.png]
[www.theiamedia.agency/hs-fs/hubfs/Theia-Media-Client__0000_Layer-4a292.png]
[www.theiamedia.agency/hs-fs/hubfs/Theia-Media-Client__0001_Layer-50809.png]
[no-cache.hubspot.com/cta/default/5183040/100a4a65-fbe8-41b1-a177-3954819e29b8.png]
[www.theiamedia.agency/hubfs/Screen Shot 2020-09-02 at 1.43.08 PM.png]
[www.theiamedia.agency/case-studies/suncoast-window-films.html]
[www.theiamedia.agency/hubfs/Screen Shot 2020-09-02 at 1.42.26 PM.png]
[www.theiamedia.agency/case-studies/insurance-defenders.html]
[www.theiamedia.agency/hubfs/Screen Shot 2020-09-02 at 1.49.42 PM.png]
[www.theiamedia.agency/case-studies/srq-sign-partners.html]
[www.theiamedia.agency/hubfs/Fold - Homepage - Johnnie Calloway - johnniecalloway.com.png]
[www.theiamedia.agency/johnnie-calloway-case-study-theia-media-agency.html]
[www.theiamedia.agency/hubfs/Fold - JVK Photography - Professional Photography For Every Occasion_ - jvkphotography.com.png]
[www.theiamedia.agency/jvk-photography-case-study-theia-media-agency.html]
[www.theiamedia.agency/hubfs/Fold - Providian USA - providianusa.com.png]
[www.theiamedia.agency/providian-staffing-solutions-case-study-theia-media-agency.html]
[www.theiamedia.agency/hubfs/Fold - HeliFi – Drone Community And Shop - helifi.jpg]
[www.theiamedia.agency/helifi-case-study-theia-media-agency.html]
[www.theiamedia.agency/hubfs/Fold - Region Solar – your trusted partner for solar solutions_ - freeconsultation.regionsolar.co.png]
[www.theiamedia.agency/region-solar-landing-page-case-study-theia-media-agency.html]
[www.theiamedia.agency/hubfs/Fold - Shiney Day Pet Sitting - Professional Care - Sarasota, Venice, Braden_ - shineydaypetsitting.com.png]
[www.theiamedia.agency/case-studies/shiney-day-specialized-pet-care.html]
[www.theiamedia.agency/hs-fs/hubfs/Brian Gregg SWF Theia Media Clientab31.png]
[www.theiamedia.agency/hubfs/Chiropractor Marketing Theia Media Sarasota.jpg]
[www.theiamedia.agency/hubfs/Law Firm Marketing Sarasota Theia Media.jpg]
[www.theiamedia.agency/hubfs/Home Service Business Marketing Sarasota Theia Media.jpg]
[www.theiamedia.agency/hubfs/Probate Law Practice Marketing Sarasota Theia Media.jpg]
[www.theiamedia.agency/free-consultation.html]
[www.theiamedia.agency/hubfs/Branding/team-of-creative-webgraphic-designer-planning-HWVH5SK.jpg]
[no-cache.hubspot.com/cta/default/5183040/b5537fca-3981-45a0-b395-f839a8f729e6.png]
[no-cache.hubspot.com/cta/default/5183040/a2f395be-a399-402e-a168-ff942b1bcacb.png]
[www.theiamedia.agency/hubfs/Strategy Marketing Sarasota Theia Media.jpg]
[no-cache.hubspot.com/cta/default/5183040/0d04ecdf-9947-45e0-bcc7-eecb15e300b9.png]
[www.theiamedia.agency/hubfs/Marketing Consultation Theia Media Sarasota.jpg]
[no-cache.hubspot.com/cta/default/5183040/603a8b0f-c174-429b-a602-a59565b8473d.png]
[www.theiamedia.agency/hubfs/Digital Ads Marketing Sarasota Theia Media.jpg]
[no-cache.hubspot.com/cta/default/5183040/eb2fbff6-381a-4087-bdff-1dcf74b92af0.png]
[www.theiamedia.agency/hubfs/web-marketing-managers-with-gadgets-working-on-pai-SYJ9CTF.jpg]
[no-cache.hubspot.com/cta/default/5183040/01422f08-7438-45d0-b998-f2eac2ee72c7.png]
[www.theiamedia.agency/hubfs/devMockupFinal.png]
[www.theiamedia.agency/generated_global_groups/28747431163.aa.delayed]
[www.theiamedia.agency/what-we-do.html]
[www.theiamedia.agency/hs-fs/hubfs/NP Chamber whiteResizedd50.png]
[www.theiamedia.agency/hs-fs/hubfs/venice chamber logo white4398.png]
[www.theiamedia.agency/hs-fs/hubfs/Sarasota Chamber Logo whiteResize228e.png]
[www.theiamedia.agency/hubfs/LWRBA Logo whiteResize.png]
[www.theiamedia.agency/hs-fs/hubfs/DroneCertified copy49fc.png]
[www.theiamedia.agency/hubfs/gcp-partner-no-outline copy.png]
[www.theiamedia.agency/hs-fs/hubfs/google-partner-badge-_0001_Layer-0-14b48.png]
[www.theiamedia.agency/privacy-policy.html]
[www.theiamedia.agency/accessibility-statement.html]
[www.theiamedia.agency/generated_global_groups/28765504078.html]
[cdn2.hubspot.net/hubfs/273774/mp/act2/js/act21.min.js]
[www.theiamedia.agency/POST]
[www.theiamedia.agency/hs/hsstatic/keyboard-accessible-menu-flyouts/static-1.17/bundles/project.js]
[www.theiamedia.agency/hs/hsstatic/cos-i18n/static-1.53/bundles/project.js]
[www.theiamedia.agency/_hcms/forms/v2.js]
[www.theiamedia.agency/hs/hsstatic/AsyncSupport/static-1.94/js/rss_listing_asset.js]
[www.theiamedia.agency/hs/scriptloader/5183040.js]
[www.theiamedia.agency/hs/hsstatic/HubspotToolsMenu/static-1.119/js/index.js]
[www.theiamedia.agency/index.html]
[www.theiamedia.agency/hs/hsstatic/AsyncSupport/static-1.94/sass/rss_post_listing.css]
[www.googletagmanager.com/gtm5445.html]
[cdn2.hubspot.net/hub/7052064/hub_generated/template_assets/1638303680965/hubspot/hubspot_default/shared/responsive/layout.min.css]
[www.theiamedia.agency/hs-fs/hub/5183040/hub_generated/template_assets/28764671800/1606936622165/Marketplace/Neambo/Act21/Coded_Files/Act21.min.css]
[www.theiamedia.agency/generated_global_groups/28789910856.html]
[cdn2.hubspot.net/hub/7052064/hub_generated/template_assets/1637619979870/hubspot/hubspot_default/shared/responsive/layout.min.css]
[www.theiamedia.agency/hs-fs/hubfs/Geometric Backgroundfe4a.jpg]
[www.theiamedia.agency/creative-and-ux.html]
[www.theiamedia.agency/content-and-social-media.html]
[www.theiamedia.agency/seo-and-revenue-generation.html]
[cdn2.hubspot.net/hub/273774/hubfs/mp/themes/Act-Theme/images/act-sample-bg11ba71.jpg]
[www.theiamedia.agency/hs-fs/hubfs/Untitled-1_0002_Signs29ba.jpg]
[cdn2.hubspot.net/hub/273774/hubfs/mp/themes/Act-Theme/images/act-sample-img-2f95d.jpg]
[cdn2.hubspot.net/hub/273774/hubfs/mp/themes/Act-Theme/images/act-lp-sample7cb8.jpg]
[no-cache.hubspot.com/cta/default/5183040/fbec252f-da98-460f-933d-f38dfeceaac1.png]
[www.theiamedia.agency/hs-fs/hubfs/Chamber_Logos__0000_Layer-45068.png]
[www.theiamedia.agency/hs-fs/hubfs/Chamber_Logos__0002_Layer-26342.png]
[www.theiamedia.agency/hs-fs/hubfs/Chamber_Logos__0001_Layer-3cc7f.png]
[www.theiamedia.agency/about-us.html]
[www.theiamedia.agency/hubfs/Geometric Background.jpg]
[www.theiamedia.agency/hubfs/Contact Us - Theia Media_v1.jpg]
[www.theiamedia.agency/hs-fs/hubfs/Web Lead Magnet CTA Image copye972.jpg]
[www.theiamedia.agency/hs-fs/hubfs/SEO Lead Magnet CTA Image copyb1e5.jpg]
[www.theiamedia.agency/hs-fs/hubfs/Conv Rate Op Lead Magnet CTA Imagebd89.jpg]
[www.theiamedia.agency/hs-fs/hubfs/Lead Gen Lead Magnet CTA Image87a6.jpg]
[www.theiamedia.agency/hs-fs/hubfs/Graphic Design Lead Magnet CTA Image0f22.jpg]
[www.theiamedia.agency/hs-fs/hubfs/Brand Identity Lead Magnet CTA Imagebeb0.jpg]
[www.theiamedia.agency/hubfs/Contact Us - Theia Media_v2.jpg]
[www.theiamedia.agency/web-design-services.html]
[www.theiamedia.agency/hs-fs/hubfs/Brand Identity Lead Magnet CTA Image0022.jpg]
[www.theiamedia.agency/hs-fs/hubfs/Graphic Design Lead Magnet CTA Image532c.jpg]
[www.theiamedia.agency/website-redesign-service.html]
[www.theiamedia.agency/hs-fs/hubfs/Lead Gen Lead Magnet CTA Image1c94.jpg]
[www.theiamedia.agency/hs-fs/hubfs/Conv Rate Op Lead Magnet CTA Image220a.jpg]
[www.theiamedia.agency/landing-page-design.html]
[www.theiamedia.agency/hs-fs/hubfs/Email Marketing Lead Magnet CTA Image8ec4.jpg]
[www.theiamedia.agency/email-marketing-services.html]
[www.theiamedia.agency/lead-nurturing-services.html]
[no-cache.hubspot.com/cta/default/5183040/a8688832-c45e-4661-86f1-899e0ff0b689.png]
[www.theiamedia.agency/hubfs/1016917_ada compliance-theia_1_032321.jpg]
[www.theiamedia.agency/ada-and-wcag-compliance.html]
[www.theiamedia.agency/hs-fs/hubfs/Web Lead Magnet CTA Image copy6ded.jpg]
[www.theiamedia.agency/website-seo-copywriting.html]
[www.theiamedia.agency/content-marketing-services.html]
[www.theiamedia.agency/hs-fs/hubfs/Social Lead Magnet CTA Image copye877.jpg]
[www.theiamedia.agency/social-media-design.html]
[www.theiamedia.agency/hs-fs/hubfs/PPC Lead Magnet CTA Image028c.jpg]
[www.theiamedia.agency/social-media-advertising-services.html]
[www.theiamedia.agency/hs-fs/hubfs/SEO Lead Magnet CTA Image copyf7fc.jpg]
[www.theiamedia.agency/seo-services.html]
[www.theiamedia.agency/hs-fs/hubfs/Local SEO Lead Magnet CTA Image copy0807.jpg]
[www.theiamedia.agency/local-seo-services.html]
[www.theiamedia.agency/ppc-management.html]
[www.theiamedia.agency/geofence-advertising.html]
[www.theiamedia.agency/conversion-rate-optimization.html]
[www.theiamedia.agency/page-speed-optimization.html]
[www.theiamedia.agency/ebooks.html]
[www.theiamedia.agency/hs-fs/hubfs/803086_Copy of E-Book - SEO Checklist - Theia Media_v2_0814205b62.jpg]
[www.theiamedia.agency/hs-fs/hubfs/811415_E-Book - Guide To Online_Mockup_Op02_082720 copy2229.jpg]
[www.theiamedia.agency/hs-fs/hubfs/Web-Design-Ebook-Mockup-12bb6.png]
[www.theiamedia.agency/case-studies/christine-law.html]
[www.theiamedia.agency/hs-fs/hubfs/Screen Shot 2020-09-02 at 1.41.42 PM0d5a.png]
[www.theiamedia.agency/hs-fs/hubfs/Screen Shot 2020-09-02 at 1.42.26 PMa1a9.png]
[www.theiamedia.agency/hs-fs/hubfs/Screen Shot 2020-09-02 at 1.49.42 PM95dd.png]
[www.theiamedia.agency/hs-fs/hubfs/Screen Shot 2020-09-02 at 1.43.08 PMa3cd.png]
[www.theiamedia.agency/case-studies/performance-physical-therapy.html]
[www.theiamedia.agency/hs-fs/hubfs/Screen Shot 2020-09-02 at 1.42.42 PM9e5b.png]
[www.theiamedia.agency/hs-fs/hubfs/Screen Shot 2020-09-02 at 1.42.34 PMd54f.png]
[www.theiamedia.agency/case-studies/the-digital-detective.html]
[www.theiamedia.agency/hs-fs/hubfs/Screen Shot 2020-09-02 at 1.48.53 PMfa49.png]
[www.theiamedia.agency/case-studies/healthy-think-tank.html]
[www.theiamedia.agency/hs-fs/hubfs/Screen Shot 2020-09-02 at 1.42.09 PMb218.png]
[www.theiamedia.agency/case-studies/total-martial-arts-and-fitness.html]
[www.theiamedia.agency/hs-fs/hubfs/Screen Shot 2020-09-02 at 1.51.09 PMf417.png]
[www.theiamedia.agency/resources.html]
[www.theiamedia.agency/hs-fs/hubfs/Stock images/Multiethnic group of happy business people working together in office9d9d.jpg]
[www.theiamedia.agency/customer-support.html]
[www.theiamedia.agency/hs-fs/hubfs/Branding/blog-working-with-Graphic-Designer9469.jpg]
[www.theiamedia.agency/who-we-help.html]
[www.theiamedia.agency/hs/hsstatic/cos-LanguageSwitcher/static-1.11/sass/LanguageSwitcher.css]
[www.theiamedia.agency/blog/rss.xml]
[www.theiamedia.agency/blog/page/2.html]
[www.theiamedia.agency/hubfs/graphicDesignTips2.png]
[platform.linkedin.com/in.js]
[www.theiamedia.agency/blog/8-graphic-design-trends-for-2022-infographic.html]
[www.theiamedia.agency/blog/tag/marketing.html]
[www.theiamedia.agency/blog/tag/instagram.html]
[www.theiamedia.agency/blog/tag/how-to.html]
[www.theiamedia.agency/blog/tag/search-engine-optimization.html]
[www.theiamedia.agency/blog/tag/video-content.html]
[www.theiamedia.agency/blog/tag/google-my-business.html]
[www.theiamedia.agency/blog/tag/email-marketing.html]
[www.theiamedia.agency/blog/tag/facebook.html]
[www.theiamedia.agency/blog/tag/social-media.html]
[www.theiamedia.agency/blog/tag/tiktok.html]
[www.theiamedia.agency/blog/tag/youtube.html]
[www.theiamedia.agency/blog/tag/ecommerce.html]
[www.theiamedia.agency/blog/smart-goals-how-to-use-them-for-search-engine-marketing.html]
[www.theiamedia.agency/hubfs/60b7f9debe551115f37b2e8e_SMART-goals.png]
[www.theiamedia.agency/blog/linkedin-publishes-insights-into-the-benefits-of-a-brand-and-demand-ad-approach-infographic.html]
[www.theiamedia.agency/hubfs/LinkedIn_Marketing.jpg]
[www.theiamedia.agency/blog/new-report-covers-instagram-engagement-trends-based-on-100-million-posts-infographic.html]
[www.theiamedia.agency/hubfs/contenidos-instagram-stories.png]
[www.theiamedia.agency/blog/4-tips-to-improve-your-instagram-presence.html]
[www.theiamedia.agency/hubfs/Instagram-Engage.png]
[www.theiamedia.agency/blog/all-website-owners-should-follow-this-simple-local-seo-checklist-infographic.html]
[www.theiamedia.agency/hubfs/Blog4-Keyword-1.png]
[www.theiamedia.agency/blog/9-tips-to-create-more-seo-friendly-content-infographic.html]
[www.theiamedia.agency/hubfs/how-to-write-for-google---s-core-algorithms-beyond-5f085ed938a8d-1520x800.png]
[www.theiamedia.agency/blog/tiktok-publishes-its-new-marketing-guide.html]
[www.theiamedia.agency/hubfs/TikTok_02-2042x1152-1.jpg]
[www.theiamedia.agency/blog/social-media-image-sizes-for-2021.html]
[www.theiamedia.agency/hubfs/social-media-image-size-guide.png]
[www.theiamedia.agency/blog/personalize-your-messaging-to-create-loyal-customers-infographic.html]
[www.theiamedia.agency/hubfs/30-Email-Marketing-Stats-You-Need-to-Know-for-Your-2020-Strategy-e1574106186229.jpg]
[connect.facebook.net/en_GB/all.js]
[www.theiamedia.agency/blog.html]
[platform.twitter.com/widgets.js]
[cdn2.hubspot.net/hub/273774/hubfs/mp/themes/Act-Theme/images/act-sample-bg136e61.jpg]
[no-cache.hubspot.com/cta/default/5183040/58e0b954-28bf-4f0c-ae86-d2b137d9877b.png]
[www.theiamedia.agency/careers.html]
[www.theiamedia.agency/generated_global_groups/28765508454.html]
[www.theiamedia.agency/hs-fs/hubfs/Strategya8a8.jpg]
[www.theiamedia.agency/hs-fs/hubfs/Branding1b21.jpg]
[www.theiamedia.agency/hs-fs/hubfs/Content_And_Social6632.jpg]
[www.theiamedia.agency/hs-fs/hubfs/Webcbb0.jpg]
[www.theiamedia.agency/hs-fs/hubfs/email-marketing-basic-campaign-header-imageee86.jpg]
[www.theiamedia.agency/hs-fs/hubfs/Lifecycle_Marketing23fe.jpg]
[www.theiamedia.agency/hs-fs/hubfs/Photography_And_Videography749d.jpg]
[www.theiamedia.agency/law-firm-marketing.html]
[www.theiamedia.agency/hs-fs/hubfs/find-good-lawyer-1068x71343d1.jpg]
[www.theiamedia.agency/hs-fs/hubfs/Partners__0002_Constant52a1.png]
[www.theiamedia.agency/hs-fs/hubfs/Partners__0000_Yelp19f6.png]
[www.theiamedia.agency/hs-fs/hubfs/Partners__0004_Godaddy7047.png]
[www.theiamedia.agency/hs-fs/hubfs/Partners__0008_Bluehoste1df.png]
[www.theiamedia.agency/hs-fs/hubfs/Partners__0001_Cloudflare919b.png]
[www.theiamedia.agency/hs-fs/hubfs/Partners__0007_Mailchimp91ec.png]
[www.theiamedia.agency/hs-fs/hubfs/Partners__0006_dATABOX6efd.png]
[www.theiamedia.agency/hs-fs/hubfs/Partners__0010_Vidyard8733.png]
[www.theiamedia.agency/hs-fs/hubfs/Partners__0005_Sproutb58f.png]
[www.theiamedia.agency/hs-fs/hubfs/Partners__0003_Flywheeld50f.png]
[www.theiamedia.agency/hs-fs/hubfs/Partners__0009_Unbounce2b78.png]
[www.theiamedia.agency/hs-fs/hubfs/SWF Logofc02.png]
[www.theiamedia.agency/hs-fs/hubfs/Health Renewal Centers Logo70e4.png]
[www.theiamedia.agency/hs-fs/hubfs/Untitled-1_0002_Signs336d.jpg]
[www.theiamedia.agency/hs-fs/hubfs/Theia_Clients__0002_Layer-25d49.jpg]
[www.theiamedia.agency/hs-fs/hubfs/Untitled-1_0004_Total-Maf9797.jpg]
[www.theiamedia.agency/hs-fs/hubfs/SodaGroupLogo7d37.png]
[www.theiamedia.agency/hs-fs/hubfs/Brian-Gregg-Headshot268a0.png]
[www.theiamedia.agency/personal-injury-law-firm-marketing.html]
[www.theiamedia.agency/hs-fs/hubfs/CriminalDefenseD0bad.jpg]
[cdn2.hubspot.net/hub/273774/hubfs/mp/themes/Act-Theme/images/markjon-logoec03.png]
[www.theiamedia.agency/criminal-defense-firm-marketing.html]
[www.theiamedia.agency/hs-fs/hubfs/Family-Lawa237.jpg]
[www.theiamedia.agency/family-law-firm-marketing.html]
[www.theiamedia.agency/hs-fs/hubfs/ProbateLawb228.jpg]
[www.theiamedia.agency/estate-and-probate-marketing.html]
[www.theiamedia.agency/home-service-marketing.html]
[www.theiamedia.agency/hs-fs/hubfs/male-contractor-installs-metal-pipe-system-in-atti-SVF8AYC124e.jpg]
[www.theiamedia.agency/hs-fs/hubfs/Partners__0002_Constant3168.png]
[www.theiamedia.agency/hs-fs/hubfs/Partners__0005_Sprout0c79.png]
[www.theiamedia.agency/hs-fs/hubfs/heating-and-air-conditioning-system-installation-i-NQAFER4-178f3.jpg]
[www.theiamedia.agency/hs-fs/hubfs/Health Renewal Centers Logo2219.png]
[www.theiamedia.agency/hvac.html]
[www.theiamedia.agency/hs-fs/hubfs/Plumbing3aef.jpg]
[www.theiamedia.agency/plumbing-service-marketing.html]
[www.theiamedia.agency/hs-fs/hubfs/Electrician69ac.jpg]
[www.theiamedia.agency/hs-fs/hubfs/Commercial Electrician2af5.jpg]
[www.theiamedia.agency/electrical-service-marketing.html]
[www.theiamedia.agency/hs-fs/hubfs/Roofing887c.jpg]
[www.theiamedia.agency/roofing-service-marketing.html]
[www.theiamedia.agency/hs-fs/hubfs/Restoration1234.jpg]
[www.theiamedia.agency/hs-fs/hubfs/Restoration Servicesacd1.jpg]
[www.theiamedia.agency/restoration-service-marketing.html]
[www.theiamedia.agency/hs-fs/hubfs/Pest Control9514.jpg]
[www.theiamedia.agency/hs-fs/hubfs/Commercial Pest Control5600.jpg]
[www.theiamedia.agency/pest-control-marketing.html]
[www.theiamedia.agency/hs-fs/hubfs/Landscaping123c.jpg]
[www.theiamedia.agency/landscape-service-marketing.html]
[www.theiamedia.agency/hs-fs/hubfs/Moving Services31b2.jpg]
[www.theiamedia.agency/moving-service-marketing.html]
[www.theiamedia.agency/medical-practice-marketing.html]
[www.theiamedia.agency/hs-fs/hubfs/DentalPractice0064.jpg]
[cdn2.hubspot.net/hub/273774/hubfs/mp/themes/Act-Theme/images/act-quote-author-sample6536.jpg]
[www.theiamedia.agency/dental-practice-marketing.html]
[www.theiamedia.agency/hs-fs/hubfs/chiropractor-treating-knee-injury-of-soccer-player467c.jpg]
[www.theiamedia.agency/chiropractor-marketing.html]
[www.theiamedia.agency/hs-fs/hubfs/Orthodontist2d7f.jpg]
[www.theiamedia.agency/orthodontic-practice-marketing.html]
[www.theiamedia.agency/hs-fs/hubfs/Smiling-female-afro-american-doctor-general-practitioner-talks-and-amuses-child-before-medical-examination-1200x628-facebook97a9.jpg]
[www.theiamedia.agency/family-medical-practice-marketing.html]
[www.theiamedia.agency/hs-fs/hubfs/unnamed089f.jpg]
[www.theiamedia.agency/hs-fs/hubfs/veterinarian7ca8.jpg]
[www.theiamedia.agency/veterinary-practice-marketing.html]
[www.theiamedia.agency/hs-fs/hubfs/orthopedics56ea.jpg]
[www.theiamedia.agency/orthopedic-marketing.html]
[www.theiamedia.agency/hs-fs/hubfs/Plastic Surgeon9b5f.jpg]
[www.theiamedia.agency/plastic-surgery-practice-marketing.html]
[www.theiamedia.agency/hubfs/Screen Shot 2020-09-02 at 1.41.42 PM.png]
[www.theiamedia.agency/hubfs/Screen Shot 2020-09-02 at 1.41.01 PM.png]
[www.theiamedia.agency/hubfs/Screen Shot 2020-09-02 at 1.42.42 PM.png]
[www.theiamedia.agency/hubfs/Screen Shot 2020-09-02 at 1.42.34 PM.png]
[www.theiamedia.agency/hubfs/Screen Shot 2020-09-02 at 1.51.09 PM.png]
[www.theiamedia.agency/hubfs/Screen Shot 2020-09-02 at 1.48.53 PM.png]
[www.theiamedia.agency/hubfs/Screen Shot 2020-09-02 at 1.42.09 PM.png]
[www.theiamedia.agency/testimonials.html]
[www.theiamedia.agency/case-studies.html]
[www.theiamedia.agency/contact-us.html]
[www.theiamedia.agency/generated_global_groups/28765508456.html]
[www.theiamedia.agency/generated_global_groups/28765504090.html]
[www.theiamedia.agency/case-studies/generated_global_groups/28789910856.html]
[www.theiamedia.agency/case-studies/generated_global_groups/28765508454.html]
[www.theiamedia.agency/case-studies/generated_global_groups/28765508456.html]
[www.theiamedia.agency/case-studies/generated_global_groups/28765504090.html]
[www.theiamedia.agency/hubfs/Screenshot_2020-09-02 Sarasota Window Tinting Sarasota Window Film Installation Service.jpg]
[www.theiamedia.agency/case-studies/generated_global_groups/28747431163.html]
[www.theiamedia.agency/case-studies/generated_global_groups/28765504078.html]
[www.theiamedia.agency/case-studies/POST]
[www.theiamedia.agency/case-studies/suncoast-window-films.html]
[www.theiamedia.agency/hubfs/Screenshot_2020-09-02 Insurance Claim Assistance and Mediation Insurance Defenders.jpg]
[www.theiamedia.agency/case-studies/insurance-defenders.html]
[www.theiamedia.agency/hubfs/Screenshot_2020-09-02 Home - SRQ Sign Partners - Wholesale Sign Manufacturer - SRQ Sign Partners.jpg]
[www.theiamedia.agency/case-studies/srq-sign-partners.html]
[www.theiamedia.agency/hubfs/Homepage - Johnnie Calloway - johnniecalloway.jpg]
[www.theiamedia.agency/johnnie-calloway-case-study-theia-media-agency.html]
[www.theiamedia.agency/hubfs/JVK Photography - Professional Photography For Every Occasion_ - jvkphotography.com.png]
[www.theiamedia.agency/jvk-photography-case-study-theia-media-agency.html]
[www.theiamedia.agency/hubfs/Full - Providian USA - providianusa.com.png]
[www.theiamedia.agency/providian-staffing-solutions-case-study-theia-media-agency.html]
[www.theiamedia.agency/hubfs/Full - HeliFi – Drone Community And Shop - helifi.jpg]
[www.theiamedia.agency/helifi-case-study-theia-media-agency.html]
[www.theiamedia.agency/hubfs/Full - Region Solar – your trusted partner for solar solutions_ - freeconsultation.regionsolar.jpg]
[www.theiamedia.agency/region-solar-landing-page-case-study-theia-media-agency.html]
[www.theiamedia.agency/hubfs/Full - Shiney Day Pet Sitting - Professional Care - Sarasota, Venice, Braden_ - shineydaypetsitting.com.png]
[www.theiamedia.agency/case-studies/shiney-day-specialized-pet-care.html]
[www.theiamedia.agency/generated_global_groups/28765504080.html]
[www.theiamedia.agency/hs-fs/hubfs/theia logo-white copy81e8.png]
[www.theiamedia.agency/free-consultation.html]
[www.theiamedia.agency/generated_global_groups/28747431163.html]
[www.theiamedia.agency/hs-fs/hubfs/waitress-ordering-products-by-digital-tablet-9MYFXSYd89b.jpg]
[no-cache.hubspot.com/cta/default/5183040/f69bb4a8-b17c-476d-9ac6-bacddfa9ebea.png]
[www.theiamedia.agency/hubfs/Content And Social Media Marketing Sarasota Theia Media.jpg]
[no-cache.hubspot.com/cta/default/5183040/d68062ea-6133-4e02-9f3d-b1a79a994ad5.png]
[no-cache.hubspot.com/cta/default/5183040/b158d650-7a35-493d-b4de-ac9d003bcce8.png]
[www.theiamedia.agency/what-we-do.html]
[www.theiamedia.agency/privacy-policy.html]
[www.theiamedia.agency/accessibility-statement.html]
[www.theiamedia.agency/generated_global_groups/28765504078.html]
[www.theiamedia.agency/POST.html]
[acsbapp.com/apps/app/dist/media/whl.jpg]
[www.theiamedia.agency/dist/js/app.js]
[acsbapp.com/apps/app/dist/js/app.js]
[www.theiamedia.agency/indexdca0.html]
[www.theiamedia.agency/indexde0b.html]
[cdn2.hubspot.net/hub/7052064/hub_generated/template_assets/1637619979870/hubspot/hubspot_default/shared/responsive/layout.min.css]
[www.theiamedia.agency/indexc6eb.html]
[www.theiamedia.agency/hubfs/803086_Copy of E-Book - SEO Checklist - Theia Media_v2_081420.jpg]
[www.theiamedia.agency/hubfs/811415_E-Book - Guide To Online_Mockup_Op02_082720 copy.jpg]
[www.theiamedia.agency/ebooks.html]
[www.theiamedia.agency/hubfs/Screenshot_2020-09-02 Home.jpg]
[www.theiamedia.agency/case-studies/christine-law.html]
[www.theiamedia.agency/hubfs/Screenshot_2020-09-02 Performance Physical Therapy - Revolutionary Pain Relief.jpg]
[www.theiamedia.agency/case-studies/performance-physical-therapy.html]
[www.theiamedia.agency/hubfs/Screenshot_2020-09-02 The Digital Detective - Tech Support - Sarasota - Get A Free Diagnostic.jpg]
[www.theiamedia.agency/case-studies/the-digital-detective.html]
[www.theiamedia.agency/hubfs/Screenshot_2020-09-02 Home Healthy Think Tank.jpg]
[www.theiamedia.agency/case-studies/healthy-think-tank.html]
[www.theiamedia.agency/hubfs/Screenshot_2020-09-02 Total Martial Arts Fitness - Voted Best Martial Arts Facility 7 Years In A Row.jpg]
[www.theiamedia.agency/case-studies/total-martial-arts-and-fitness.html]
[static.hsappstatic.net/cos-LanguageSwitcher/static-1.11/img/globe.png]
[www.theiamedia.agency/hs/hsstatic/cos-LanguageSwitcher/static-1.11/sass/LanguageSwitcher.css]
[www.theiamedia.agency/blog/page/1.html]
[www.theiamedia.agency/blog/page/3.html]
[www.theiamedia.agency/blog/page/generated_global_groups/28789910856.html]
[www.theiamedia.agency/blog/page/generated_global_groups/28765508454.html]
[www.theiamedia.agency/blog/page/generated_global_groups/28765508456.html]
[www.theiamedia.agency/blog/page/generated_global_groups/28765504090.html]
[www.theiamedia.agency/blog/10-ecommerce-trends-sellers-need-to-know-in-2021.html]
[www.theiamedia.agency/hubfs/ecommerce-optimization.png]
[www.theiamedia.agency/blog/the-best-times-to-post-on-each-social-platform.html]
[www.theiamedia.agency/hubfs/social-media-posting-times.png]
[www.theiamedia.agency/blog/16-marketing-tips-for-ecommerce.html]
[www.theiamedia.agency/hubfs/how-ecommerce-companies-can-care-for-their-customers-5eb56dfe6c64e-1520x800.png]
[www.theiamedia.agency/blog/best-practices-for-email-design-in-2021-infographic.html]
[www.theiamedia.agency/hubfs/Email-marketing-guide.png]
[www.theiamedia.agency/blog/6-of-the-most-important-ppc-kpis-you-need-to-track.html]
[www.theiamedia.agency/hubfs/What-Is-Pay-Per-Click-Advertising.jpg]
[www.theiamedia.agency/blog/your-business-can-finally-schedule-facebook-instagram-stories.html]
[www.theiamedia.agency/hubfs/iStock-641600742-e1527170260126.jpg]
[www.theiamedia.agency/blog/new-data-on-rising-effectiveness-of-6-second-ads-published-by-snapchat.html]
[www.theiamedia.agency/hubfs/snapchat-icon-medium-1920.png]
[www.theiamedia.agency/blog/google-shares-5-video-seo-best-practices.html]
[www.theiamedia.agency/hubfs/53bdcfc1-a8c8-4008-b23d-3a7506bf5bd9-6052ad1525b4e-760x400-1.webp]
[www.theiamedia.agency/blog/snapchat-insights-on-gen-z-engagement-and-consumption-trends.html]
[www.theiamedia.agency/hubfs/snapchat-logos1-ss-1920.jpg]
[www.theiamedia.agency/blog/high-performing-video-content-8-types-to-upgrade-your-strategy.html]
[www.theiamedia.agency/hubfs/vimix_thumbnail.jpg]
[www.theiamedia.agency/blog/page/generated_global_groups/28747431163.html]
[www.theiamedia.agency/blog/page/generated_global_groups/28765504078.html]
[www.theiamedia.agency/blog/page/POST]
[www.theiamedia.agency/blog/page/2.html]
[www.theiamedia.agency/blog/8-graphic-design-trends-for-2022-infographic3d9f.html]
[www.theiamedia.agency/blog/generated_global_groups/28789910856.html]
[www.theiamedia.agency/blog/generated_global_groups/28765508454.html]
[www.theiamedia.agency/blog/generated_global_groups/28765508456.html]
[www.theiamedia.agency/blog/generated_global_groups/28765504090.html]
[www.theiamedia.agency/blog/author/cheyenne.html]
[www.theiamedia.agency/hubfs/Cheyenne Williams - Staff - Social Media Manager.jpg]
[www.theiamedia.agency/hs-fs/hubfs/8_graphic_design_trends200c0.png]
[www.theiamedia.agency/blog/generated_global_groups/28747431163.html]
[www.theiamedia.agency/blog/generated_global_groups/28765504078.html]
[www.theiamedia.agency/blog/POST]
[www.theiamedia.agency/blog/8-graphic-design-trends-for-2022-infographic.html]
[www.theiamedia.agency/blog/tag/marketing/page/2.html]
[www.theiamedia.agency/blog/tag/generated_global_groups/28789910856.html]
[www.theiamedia.agency/blog/tag/generated_global_groups/28765508454.html]
[www.theiamedia.agency/blog/tag/generated_global_groups/28765508456.html]
[www.theiamedia.agency/blog/tag/generated_global_groups/28765504090.html]
[www.theiamedia.agency/blog/10-youtube-videos-your-small-business-should-create.html]
[www.theiamedia.agency/hubfs/YouTube-Thumbnail.png.jpg]
[www.theiamedia.agency/blog/about-micro-influencers-and-how-to-work-with-them.html]
[www.theiamedia.agency/hubfs/Microinfluencers_Blog-1024x512.png]
[www.theiamedia.agency/blog/21-instagram-facts-for-2021-infographic.html]
[www.theiamedia.agency/hubfs/5f457a7b42f43f001ddff00f.webp]
[www.theiamedia.agency/blog/tag/generated_global_groups/28747431163.html]
[www.theiamedia.agency/blog/tag/generated_global_groups/28765504078.html]
[www.theiamedia.agency/blog/tag/POST]
[www.theiamedia.agency/blog/tag/marketing.html]
[www.theiamedia.agency/blog/how-to-repurpose-content-using-instagrams-popular-features.html]
[www.theiamedia.agency/hubfs/ESrPlyRXQAA1OQ9.jpg-large.jpg]
[www.theiamedia.agency/blog/take-advantage-of-instagrams-new-keyword-search-option-to-grow-your-business-in-three-ways.html]
[www.theiamedia.agency/hubfs/InstaHashtag_vFinal.jpg.webp]
[www.theiamedia.agency/blog/how-to-create-a-business-instagram.html]
[www.theiamedia.agency/hubfs/043e2b825ef93391eb027bab388108c4_Instagram-for-business-624x354-1-624-c-90.jpg]
[www.theiamedia.agency/blog/tag/instagram.html]
[www.theiamedia.agency/blog/how-to-create-a-google-review-link-for-your-business.html]
[www.theiamedia.agency/hubfs/Google-Review-Link-Generator.png]
[www.theiamedia.agency/blog/how-to-create-a-google-my-business-account.html]
[www.theiamedia.agency/hubfs/b5b56b7cb4f0ca91774191c01900265b_1200x600-2400-c-90.png]
[www.theiamedia.agency/blog/how-to-create-a-facebook-business-page.html]
[www.theiamedia.agency/hubfs/Facebook-Business-Page_Feature.png]
[www.theiamedia.agency/blog/tag/how-to.html]
[www.theiamedia.agency/blog/tag/search-engine-optimization.html]
[www.theiamedia.agency/blog/tag/video-content.html]
[www.theiamedia.agency/blog/tag/google-my-business.html]
[www.theiamedia.agency/hubfs/Successful-Email-Campaign_featured.jpg]
[www.theiamedia.agency/blog/tag/email-marketing.html]
[www.theiamedia.agency/blog/tag/facebook.html]
[www.theiamedia.agency/blog/tag/social-media.html]
[www.theiamedia.agency/hubfs/tik-tok-launches-information-hub-to-address-misinformation-about-the-app.jpg]
[www.theiamedia.agency/blog/tag/tiktok.html]
[www.theiamedia.agency/blog/tag/youtube.html]
[www.theiamedia.agency/blog/tag/ecommerce.html]
[www.theiamedia.agency/blog/15-tiktok-tips-for-maximizing-your-branded-content-infographic.html]
[www.theiamedia.agency/blog/smart-goals-how-to-use-them-for-search-engine-marketing3d9f.html]
[www.theiamedia.agency/blog/author/cullen.html]
[www.theiamedia.agency/hs-fs/hubfs/Contact Us - Theia Media_v1e220.jpg]
[www.theiamedia.agency/blog/smart-goals-how-to-use-them-for-search-engine-marketing.html]
[www.theiamedia.agency/blog/linkedin-publishes-insights-into-the-benefits-of-a-brand-and-demand-ad-approach-infographic3d9f.html]
[www.theiamedia.agency/hs-fs/hubfs/LinkedIn_Brand_and_Demand13f8f.png]
[www.theiamedia.agency/blog/linkedin-publishes-insights-into-the-benefits-of-a-brand-and-demand-ad-approach-infographic.html]
[www.theiamedia.agency/blog/new-report-covers-instagram-engagement-trends-based-on-100-million-posts-infographic3d9f.html]
[www.theiamedia.agency/hs-fs/hubfs/Mention_InstagramReport2021_1e7cd.png]
[www.theiamedia.agency/blog/new-report-covers-instagram-engagement-trends-based-on-100-million-posts-infographic.html]
[www.theiamedia.agency/blog/4-tips-to-improve-your-instagram-presence3d9f.html]
[www.theiamedia.agency/hs-fs/hubfs/maximizing_ig2-1693f.png]
[www.theiamedia.agency/blog/4-tips-to-improve-your-instagram-presence.html]
[www.theiamedia.agency/blog/all-website-owners-should-follow-this-simple-local-seo-checklist-infographic3d9f.html]
[www.theiamedia.agency/hs-fs/hubfs/local_seo_checklist2-109b3.png]
[www.theiamedia.agency/hs-fs/hubfs/SEO Lead Magnet CTA Image4692.jpg]
[www.theiamedia.agency/blog/all-website-owners-should-follow-this-simple-local-seo-checklist-infographic.html]
[www.theiamedia.agency/blog/9-tips-to-create-more-seo-friendly-content-infographic3d9f.html]
[www.theiamedia.agency/hs-fs/hubfs/amazing-tips-for-seo-friendly-contentinfographicdb66.jpg]
[www.theiamedia.agency/blog/9-tips-to-create-more-seo-friendly-content-infographic.html]
[www.theiamedia.agency/blog/tiktok-publishes-its-new-marketing-guide.html]
[www.theiamedia.agency/blog/tiktok-publishes-its-new-marketing-guide3d9f.html]
[www.theiamedia.agency/blog/social-media-image-sizes-for-20213d9f.html]
[www.falcon.io/wp-content/uploads/2021/02/SoMe_Templates_2021_Blog_Assets_Blog_Separator_FB_832x304-2.jpg]
[www.falcon.io/wp-content/uploads/2021/02/SoMe_Templates_2021_Blog_Assets_Blog_Separator_IG_832x304.jpg]
[www.falcon.io/wp-content/uploads/2021/02/SoMe_Templates_2021_Blog_Assets_Blog_Separator_Twitter_832x304-2.jpg]
[www.falcon.io/wp-content/uploads/2021/02/SoMe_Templates_2021_Blog_Assets_Blog_Separator_IN_832x304-2.jpg]
[www.falcon.io/wp-content/uploads/2021/02/SoMe_Templates_2021_Blog_Assets_Blog_Separator_YT_832x304-1.jpg]
[www.falcon.io/wp-content/uploads/2021/02/SoMe_Templates_2021_Blog_Assets_Blog_Separator_Pinterest_832x304-1.jpg]
[www.falcon.io/wp-content/uploads/2021/02/SoMe_Templates_2021_Blog_Assets_Blog_Separator_TT_832x304-1.jpg]
[www.theiamedia.agency/blog/social-media-image-sizes-for-2021.html]
[www.theiamedia.agency/blog/personalize-your-messaging-to-create-loyal-customers-infographic3d9f.html]
[www.theiamedia.agency/hs-fs/hubfs/personalization_info_GgD0HWdf7eb.png]
[www.theiamedia.agency/blog/personalize-your-messaging-to-create-loyal-customers-infographic.html]
[connect.facebook.net/en_GB/all.js]
[www.theiamedia.agency/hs-fs/hubfs/SWF Logo326a.png]
[www.theiamedia.agency/hs-fs/hubfs/TicketGuard098a.png]
[www.theiamedia.agency/hs-fs/hubfs/Health Renewal Centers Logo754d.png]
[www.theiamedia.agency/testimonials.html]
[www.theiamedia.agency/case-studies/generated_global_groups/28789910856.html]
[www.theiamedia.agency/case-studies/generated_global_groups/28765508454.html]
[www.theiamedia.agency/case-studies/generated_global_groups/28765508456.html]
[www.theiamedia.agency/case-studies/generated_global_groups/28765504090.html]
[www.theiamedia.agency/case-studies/generated_global_groups/28747431163.html]
[www.theiamedia.agency/case-studies/generated_global_groups/28765504078.html]
[www.theiamedia.agency/case-studies/POST.html]
[www.theiamedia.agency/generated_global_groups/28765504080.html]
[www.theiamedia.agency/app]
[www.theiamedia.agency/app/index.html]
[www.theiamedia.agency/indexdca0.html]
[www.theiamedia.agency/dist/audio]
[www.theiamedia.agency/dist/audio/index.html]
[www.theiamedia.agency/dist/js/app.html]
[www.theiamedia.agency/indexde0b.html]
[www.theiamedia.agency/apps]
[www.theiamedia.agency/apps/index.html]
[www.theiamedia.agency/blog/page/1.html]
[www.theiamedia.agency/blog/page/4.html]
[www.theiamedia.agency/blog/22-ways-to-improve-your-online-presence-local-seo.html]
[www.theiamedia.agency/hubfs/localseo-03.png]
[www.theiamedia.agency/blog/google-core-web-vitals-must-be-met-to-benefit-from-ranking-signal.html]
[www.theiamedia.agency/blog/six-step-checklist-for-measuring-linkedin-campaign-performance.html]
[www.theiamedia.agency/hubfs/595944-637460594215455508-16x9.jpg]
[www.theiamedia.agency/blog/setting-up-your-first-linkedin-ad-campaign-tips-optimizations.html]
[www.theiamedia.agency/hubfs/linkedin-statistics.png]
[www.theiamedia.agency/blog/improve-your-email-marketing-strategy-in-2021-with-these-11-email-design-trends.html]
[www.theiamedia.agency/hubfs/email-marketing-guide-01-1024x576.webp]
[www.theiamedia.agency/blog/facebook-advertising-is-about-to-change-are-you-ready.html]
[www.theiamedia.agency/hubfs/contenido-o-publi-en-facebook-ads.png]
[www.theiamedia.agency/blog/page/3.html]
[www.theiamedia.agency/blog/page/generated_global_groups/28789910856.html]
[www.theiamedia.agency/blog/page/generated_global_groups/28765508454.html]
[www.theiamedia.agency/blog/page/generated_global_groups/28765508456.html]
[www.theiamedia.agency/blog/page/generated_global_groups/28765504090.html]
[www.theiamedia.agency/blog/10-ecommerce-trends-sellers-need-to-know-in-20213d9f.html]
[www.theiamedia.agency/hs-fs/hubfs/10_ecommerce_trends_info24685.png]
[www.theiamedia.agency/blog/10-ecommerce-trends-sellers-need-to-know-in-2021.html]
[www.theiamedia.agency/blog/the-best-times-to-post-on-each-social-platform3d9f.html]
[www.theiamedia.agency/hs-fs/hubfs/Google Drive Integration/The Best Times To Post On Each Social Platform-1350e.jpg]
[www.theiamedia.agency/hs-fs/hubfs/Google Drive Integration/The Best Times To Post On Each Social Platform-2cc04.jpg]
[www.theiamedia.agency/hs-fs/hubfs/Google Drive Integration/The Best Times To Post On Each Social Platform-3cc59.jpg]
[www.theiamedia.agency/hs-fs/hubfs/Google Drive Integration/The Best Times To Post On Each Social Platform4588.jpg]
[www.theiamedia.agency/blog/the-best-times-to-post-on-each-social-platform.html]
[www.theiamedia.agency/blog/16-marketing-tips-for-ecommerce3d9f.html]
[www.theiamedia.agency/hubfs/ecommerce-website-checklist-b-.jpg]
[www.theiamedia.agency/hs-fs/hubfs/ecommerce_tips_info1-19300.jpg]
[www.theiamedia.agency/blog/16-marketing-tips-for-ecommerce.html]
[www.theiamedia.agency/blog/best-practices-for-email-design-in-2021-infographic3d9f.html]
[www.theiamedia.agency/hs-fs/hubfs/email_design_best_practices11873.jpg]
[www.theiamedia.agency/blog/best-practices-for-email-design-in-2021-infographic.html]
[www.theiamedia.agency/blog/6-of-the-most-important-ppc-kpis-you-need-to-track3d9f.html]
[www.theiamedia.agency/hubfs/shutterstock_255303130.jpg]
[www.theiamedia.agency/blog/6-of-the-most-important-ppc-kpis-you-need-to-track.html]
[www.theiamedia.agency/blog/your-business-can-finally-schedule-facebook-instagram-stories3d9f.html]
[www.theiamedia.agency/hubfs/172739170_3958782760836451_941369101596756384_n-607d785581284-768x432.webp]
[www.theiamedia.agency/hubfs/172155429_257786376070636_7530329033633848347_n-607d785aa09e1.webp]
[www.theiamedia.agency/hubfs/169912911_2771284976516571_2787969880466536293_n-607d785e79823.webp]
[www.theiamedia.agency/blog/your-business-can-finally-schedule-facebook-instagram-stories.html]
[www.theiamedia.agency/blog/new-data-on-rising-effectiveness-of-6-second-ads-published-by-snapchat3d9f.html]
[www.socialmediatoday.com/user_media/diveimage/Snap_video_response1.png]
[www.socialmediatoday.com/user_media/diveimage/Snap_video_response2.png]
[www.theiamedia.agency/blog/new-data-on-rising-effectiveness-of-6-second-ads-published-by-snapchat.html]
[www.theiamedia.agency/blog/google-shares-5-video-seo-best-practices.html]
[www.theiamedia.agency/blog/google-shares-5-video-seo-best-practices3d9f.html]
[www.theiamedia.agency/blog/snapchat-insights-on-gen-z-engagement-and-consumption-trends3d9f.html]
[www.socialmediatoday.com/user_media/diveimage/snap_gen1.png]
[www.socialmediatoday.com/user_media/diveimage/snap_gen2.png]
[www.socialmediatoday.com/user_media/diveimage/snap_gen3.png]
[www.socialmediatoday.com/user_media/diveimage/snap_gen4.png]
[www.socialmediatoday.com/user_media/diveimage/snap_gen5.png]
[www.theiamedia.agency/blog/snapchat-insights-on-gen-z-engagement-and-consumption-trends.html]
[www.theiamedia.agency/blog/high-performing-video-content-8-types-to-upgrade-your-strategy3d9f.html]
[www.theiamedia.agency/hs-fs/hubfs/8_types_of_video_content2f311.jpg]
[www.theiamedia.agency/blog/high-performing-video-content-8-types-to-upgrade-your-strategy.html]
[www.theiamedia.agency/blog/page/generated_global_groups/28747431163.html]
[www.theiamedia.agency/blog/page/generated_global_groups/28765504078.html]
[www.theiamedia.agency/blog/page/POST.html]
[cdn.ampproject.org/v0/amp-analytics-0.1.js]
[cdn.ampproject.org/v0.js]
[www.theiamedia.agency/blog/8-graphic-design-trends-for-2022-infographic3d9f.html]
[www.theiamedia.agency/blog/generated_global_groups/28789910856.html]
[www.theiamedia.agency/blog/generated_global_groups/28765508454.html]
[www.theiamedia.agency/blog/generated_global_groups/28765508456.html]
[www.theiamedia.agency/blog/generated_global_groups/28765504090.html]
[www.theiamedia.agency/blog/author/generated_global_groups/28789910856.html]
[www.theiamedia.agency/blog/author/generated_global_groups/28765508454.html]
[www.theiamedia.agency/blog/author/generated_global_groups/28765508456.html]
[www.theiamedia.agency/blog/author/generated_global_groups/28765504090.html]
[www.theiamedia.agency/blog/author/generated_global_groups/28747431163.html]
[www.theiamedia.agency/blog/author/generated_global_groups/28765504078.html]
[www.theiamedia.agency/blog/author/POST]
[www.theiamedia.agency/blog/author/cheyenne.html]
[www.theiamedia.agency/blog/generated_global_groups/28747431163.html]
[www.theiamedia.agency/blog/generated_global_groups/28765504078.html]
[www.theiamedia.agency/blog/POST.html]
[www.theiamedia.agency/blog/tag/marketing/page/1.html]
[www.theiamedia.agency/blog/tag/marketing/page/generated_global_groups/28789910856.2b3.delayed]
[www.theiamedia.agency/blog/tag/marketing/page/generated_global_groups/28765508454.html]
[www.theiamedia.agency/blog/tag/marketing/page/generated_global_groups/28765508456.html]
[www.theiamedia.agency/blog/tag/marketing/page/generated_global_groups/28765504090.html]
[www.theiamedia.agency/blog/top-snapchat-ar-campaigns-of-2020.html]
[www.theiamedia.agency/hubfs/SnapchatAR_1.jpg]
[www.theiamedia.agency/blog/social-media-competitor-analysis-in-10-steps.html]
[www.theiamedia.agency/hubfs/Top-9-Benefits-of-Social-Media-for-Your-Business-760x400.png]
[www.theiamedia.agency/blog/start-planning-your-social-media-calendar-for-2021-infographic.html]
[www.theiamedia.agency/hubfs/10-Reasons-Why-Social-Media-Is-Important-to-Your-Company-1520x800.png]
[www.theiamedia.agency/blog/a-guide-to-online-lead-generation.html]
[www.theiamedia.agency/hubfs/811442_FB Post - Online Lead_Op02_082720.png]
[www.theiamedia.agency/blog/simple-content-marketing-tips-guaranteed-to-save-you-time.html]
[www.theiamedia.agency/hubfs/791391_560x315_V1_080420.jpg]
[www.theiamedia.agency/blog/tag/marketing/page/generated_global_groups/28747431163.html]
[www.theiamedia.agency/blog/tag/marketing/page/generated_global_groups/28765504078.html]
[www.theiamedia.agency/blog/tag/marketing/page/POST]
[www.theiamedia.agency/blog/tag/marketing/page/2.html]
[www.theiamedia.agency/blog/tag/generated_global_groups/28789910856.html]
[www.theiamedia.agency/blog/tag/generated_global_groups/28765508454.html]
[www.theiamedia.agency/blog/tag/generated_global_groups/28765508456.html]
[www.theiamedia.agency/blog/tag/generated_global_groups/28765504090.html]
[www.theiamedia.agency/blog/10-youtube-videos-your-small-business-should-create3d9f.html]
[www.theiamedia.agency/hs-fs/hubfs/10_youtube_videos2145e.png]
[www.theiamedia.agency/blog/10-youtube-videos-your-small-business-should-create.html]
[www.theiamedia.agency/blog/about-micro-influencers-and-how-to-work-with-them3d9f.html]
[www.theiamedia.agency/hs-fs/hubfs/nano_influencer_infographic898e.png]
[www.theiamedia.agency/blog/about-micro-influencers-and-how-to-work-with-them.html]
[www.theiamedia.agency/blog/21-instagram-facts-for-2021-infographic3d9f.html]
[www.theiamedia.agency/hs-fs/hubfs/21_instagram_stats_2021-1d0c6.png]
[www.theiamedia.agency/hs-fs/hubfs/Social Lead Magnet CTA Image1678.jpg]
[www.theiamedia.agency/blog/21-instagram-facts-for-2021-infographic.html]
[www.theiamedia.agency/blog/tag/generated_global_groups/28747431163.html]
[www.theiamedia.agency/blog/tag/generated_global_groups/28765504078.html]
[www.theiamedia.agency/blog/tag/POST.html]
[www.theiamedia.agency/blog/how-to-repurpose-content-using-instagrams-popular-features3d9f.html]
[www.theiamedia.agency/blog/how-to-repurpose-content-using-instagrams-popular-features.html]
[www.theiamedia.agency/blog/take-advantage-of-instagrams-new-keyword-search-option-to-grow-your-business-in-three-ways.html]
[www.theiamedia.agency/blog/take-advantage-of-instagrams-new-keyword-search-option-to-grow-your-business-in-three-ways3d9f.html]
[www.theiamedia.agency/blog/how-to-create-a-business-instagram.html]
[www.theiamedia.agency/blog/how-to-create-a-business-instagram3d9f.html]
[www.theiamedia.agency/blog/how-to-create-a-google-review-link-for-your-business3d9f.html]
[www.theiamedia.agency/hs-fs/hubfs/Google-Reviewseb01.png]
[www.theiamedia.agency/hubfs/How To Create Google Review Link For Your Business-4.png]
[www.theiamedia.agency/hubfs/businessname.png]
[www.theiamedia.agency/hubfs/How To Create Google Review Link For Your Business-2.png]
[www.theiamedia.agency/hubfs/How To Create Google Review Link For Your Business-1.png]
[www.theiamedia.agency/blog/how-to-create-a-google-review-link-for-your-business.html]
[www.theiamedia.agency/blog/how-to-create-a-google-my-business-account.html]
[www.theiamedia.agency/blog/how-to-create-a-google-my-business-account3d9f.html]
[www.theiamedia.agency/blog/how-to-create-a-facebook-business-page.html]
[www.theiamedia.agency/blog/how-to-create-a-facebook-business-page3d9f.html]
[www.theiamedia.agency/blog/15-tiktok-tips-for-maximizing-your-branded-content-infographic3d9f.html]
[www.theiamedia.agency/hs-fs/hubfs/st_tiktok_infographic-19819.png]
[www.theiamedia.agency/blog/15-tiktok-tips-for-maximizing-your-branded-content-infographic.html]
[www.theiamedia.agency/blog/smart-goals-how-to-use-them-for-search-engine-marketing3d9f.html]
[www.theiamedia.agency/blog/author/cullen.html]
[www.theiamedia.agency/blog/linkedin-publishes-insights-into-the-benefits-of-a-brand-and-demand-ad-approach-infographic3d9f.html]
[www.theiamedia.agency/blog/new-report-covers-instagram-engagement-trends-based-on-100-million-posts-infographic3d9f.html]
[www.theiamedia.agency/blog/4-tips-to-improve-your-instagram-presence3d9f.html]
[www.theiamedia.agency/blog/all-website-owners-should-follow-this-simple-local-seo-checklist-infographic3d9f.html]
[www.theiamedia.agency/blog/9-tips-to-create-more-seo-friendly-content-infographic3d9f.html]
[www.theiamedia.agency/blog/author/cullen/page/2.html]
[cdn.ampproject.org/v0/amp-iframe-0.1.js]
[www.theiamedia.agency/hs/hsstatic/content_shared_assets/static-1.4092/img/iframe-placeholder.png]
[www.theiamedia.agency/blog/tiktok-publishes-its-new-marketing-guide3d9f.html]
[www.theiamedia.agency/blog/social-media-image-sizes-for-20213d9f.html]
[www.theiamedia.agency/blog/personalize-your-messaging-to-create-loyal-customers-infographic3d9f.html]
[www.theiamedia.agency/app.html]
[www.theiamedia.agency/dist/audio.html]
[www.theiamedia.agency/apps.html]
[www.theiamedia.agency/blog/page/4.html]
[www.theiamedia.agency/blog/page/5.html]
[www.theiamedia.agency/blog/22-ways-to-improve-your-online-presence-local-seo.html]
[www.theiamedia.agency/blog/22-ways-to-improve-your-online-presence-local-seo3d9f.html]
[www.theiamedia.agency/blog/google-core-web-vitals-must-be-met-to-benefit-from-ranking-signal3d9f.html]
[www.theiamedia.agency/hubfs/a70dd502-8920-4c4e-bbde-e606b152df8e-6017779b68dc5-760x400.webp]
[www.theiamedia.agency/blog/google-core-web-vitals-must-be-met-to-benefit-from-ranking-signal.html]
[cdn.searchenginejournal.com/wp-content/uploads/2021/01/a70dd502-8920-4c4e-bbde-e606b152df8e-6017779b68dc5-760x400.html]
[www.theiamedia.agency/blog/six-step-checklist-for-measuring-linkedin-campaign-performance3d9f.html]
[www.socialmediatoday.com/user_media/diveimage/checklist-tips-for-measuring-page-2.png]
[www.theiamedia.agency/blog/six-step-checklist-for-measuring-linkedin-campaign-performance.html]
[www.theiamedia.agency/blog/setting-up-your-first-linkedin-ad-campaign-tips-optimizations3d9f.html]
[www.theiamedia.agency/blog/setting-up-your-first-linkedin-ad-campaign-tips-optimizations.html]
[www.theiamedia.agency/blog/improve-your-email-marketing-strategy-in-2021-with-these-11-email-design-trends3d9f.html]
[www.theiamedia.agency/hubfs/11_email_design_trends.webp]
[www.theiamedia.agency/blog/improve-your-email-marketing-strategy-in-2021-with-these-11-email-design-trends.html]
[www.theiamedia.agency/blog/facebook-advertising-is-about-to-change-are-you-ready3d9f.html]
[www.theiamedia.agency/blog/facebook-advertising-is-about-to-change-are-you-ready.html]
[www.theiamedia.agency/blog/10-ecommerce-trends-sellers-need-to-know-in-20213d9f.html]
[www.theiamedia.agency/blog/the-best-times-to-post-on-each-social-platform3d9f.html]
[www.theiamedia.agency/blog/16-marketing-tips-for-ecommerce3d9f.html]
[www.theiamedia.agency/blog/best-practices-for-email-design-in-2021-infographic3d9f.html]
[www.theiamedia.agency/blog/6-of-the-most-important-ppc-kpis-you-need-to-track3d9f.html]
[www.theiamedia.agency/blog/your-business-can-finally-schedule-facebook-instagram-stories3d9f.html]
[www.theiamedia.agency/blog/new-data-on-rising-effectiveness-of-6-second-ads-published-by-snapchat3d9f.html]
[cdn.ampproject.org/v0/amp-youtube-0.1.js]
[www.theiamedia.agency/blog/google-shares-5-video-seo-best-practices3d9f.html]
[www.theiamedia.agency/blog/snapchat-insights-on-gen-z-engagement-and-consumption-trends3d9f.html]
[www.theiamedia.agency/blog/high-performing-video-content-8-types-to-upgrade-your-strategy3d9f.html]
[s7.addthis.com/js/300/addthis_widget.js]
[www.theiamedia.agency/blog/author/generated_global_groups/28789910856.html]
[www.theiamedia.agency/blog/author/generated_global_groups/28765508454.html]
[www.theiamedia.agency/blog/author/generated_global_groups/28765508456.html]
[www.theiamedia.agency/blog/author/generated_global_groups/28765504090.html]
[www.theiamedia.agency/blog/author/generated_global_groups/28747431163.html]
[www.theiamedia.agency/blog/author/generated_global_groups/28765504078.html]
[www.theiamedia.agency/blog/author/POST.html]
[www.theiamedia.agency/blog/tag/marketing/page/1.html]
[www.theiamedia.agency/blog/tag/marketing/page/generated_global_groups/28789910856.html]
[www.theiamedia.agency/blog/tag/marketing/page/generated_global_groups/28765508454.html]
[www.theiamedia.agency/blog/tag/marketing/page/generated_global_groups/28765508456.html]
[www.theiamedia.agency/blog/tag/marketing/page/generated_global_groups/28765504090.html]
[www.theiamedia.agency/blog/top-snapchat-ar-campaigns-of-2020.html]
[www.theiamedia.agency/blog/top-snapchat-ar-campaigns-of-20203d9f.html]
[www.theiamedia.agency/blog/social-media-competitor-analysis-in-10-steps3d9f.html]
[www.theiamedia.agency/hubfs/flat-design-of-social-media-analysis.jpg]
[www.theiamedia.agency/hubfs/Ultimate_guide_to_social_media_design_jpg_T0fZ_tsd.jpg.webp]
[www.theiamedia.agency/hs-fs/hubfs/10-Reasons-Why-Social-Media-Is-Important-to-Your-Company-1520x800a1bf.png]
[www.theiamedia.agency/hs-fs/hubfs/social-media-for-businessc58a.png]
[www.theiamedia.agency/hs-fs/hubfs/outstanding-social-media-campaigns-5f60d3e4bb13b203b.png]
[www.theiamedia.agency/hs-fs/hubfs/social-media-users-post-banner5518.png]
[www.theiamedia.agency/hs-fs/hubfs/Top-9-Benefits-of-Social-Media-for-Your-Business-760x4007163.png]
[www.theiamedia.agency/hs-fs/hubfs/preview494e.jpg]
[www.theiamedia.agency/hs-fs/hubfs/socialsharingfcd4.jpg]
[www.theiamedia.agency/hs-fs/hubfs/benefits-of-social-media-marketing4dfd.jpg]
[www.theiamedia.agency/hubfs/7-best-social-networks-to-do-marketing-in-your-ecommerce.png.webp]
[www.theiamedia.agency/blog/social-media-competitor-analysis-in-10-steps.html]
[www.theiamedia.agency/blog/start-planning-your-social-media-calendar-for-2021-infographic3d9f.html]
[www.linqia.com/wp-content/uploads/2020/12/TheMarketingCalendar2021.png]
[www.theiamedia.agency/blog/start-planning-your-social-media-calendar-for-2021-infographic.html]
[www.theiamedia.agency/blog/a-guide-to-online-lead-generation3d9f.html]
[www.theiamedia.agency/hubfs/811432_Blog Header - Online Lead_Op02_600x200_082720.jpg]
[www.theiamedia.agency/hs-fs/hubfs/811415_E-Book - Guide To Online_Mockup_Op02_082720df10.jpg]
[no-cache.hubspot.com/cta/default/5183040/a3e88320-7be4-417e-8d19-bfe15ee16be5.png]
[www.theiamedia.agency/blog/a-guide-to-online-lead-generation.html]
[www.theiamedia.agency/blog/simple-content-marketing-tips-guaranteed-to-save-you-time.html]
[www.theiamedia.agency/blog/tag/marketing/page/generated_global_groups/28747431163.html]
[www.theiamedia.agency/blog/tag/marketing/page/generated_global_groups/28765504078.html]
[www.theiamedia.agency/blog/tag/marketing/page/POST.html]
[www.theiamedia.agency/blog/10-youtube-videos-your-small-business-should-create3d9f.html]
[www.theiamedia.agency/blog/about-micro-influencers-and-how-to-work-with-them3d9f.html]
[www.theiamedia.agency/blog/21-instagram-facts-for-2021-infographic3d9f.html]
[www.theiamedia.agency/blog/how-to-repurpose-content-using-instagrams-popular-features3d9f.html]
[cdn.searchenginejournal.com/wp-content/uploads/2020/12/instagram-carousel-engagement-5fccd9b37899a.html]
[www.theiamedia.agency/blog/take-advantage-of-instagrams-new-keyword-search-option-to-grow-your-business-in-three-ways3d9f.html]
[www.theiamedia.agency/blog/how-to-create-a-business-instagram3d9f.html]
[www.theiamedia.agency/blog/how-to-create-a-google-review-link-for-your-business3d9f.html]
[www.theiamedia.agency/blog/how-to-create-a-google-my-business-account3d9f.html]
[www.theiamedia.agency/blog/how-to-create-a-facebook-business-page3d9f.html]
[www.theiamedia.agency/blog/15-tiktok-tips-for-maximizing-your-branded-content-infographic3d9f.html]
[www.theiamedia.agency/blog/simple-content-marketing-tips-guaranteed-to-save-you-time3d9f.html]
[www.theiamedia.agency/blog/author/cullen/page/1.html]
[www.theiamedia.agency/blog/author/cullen/page/3.html]
[www.theiamedia.agency/blog/author/cullen/page/generated_global_groups/28789910856.html]
[www.theiamedia.agency/blog/author/cullen/page/generated_global_groups/28765508454.html]
[www.theiamedia.agency/blog/author/cullen/page/generated_global_groups/28765508456.html]
[www.theiamedia.agency/blog/author/cullen/page/generated_global_groups/28765504090.html]
[www.theiamedia.agency/blog/author/cullen/page/generated_global_groups/28747431163.html]
[www.theiamedia.agency/blog/author/cullen/page/generated_global_groups/28765504078.html]
[www.theiamedia.agency/blog/author/cullen/page/POST]
[www.theiamedia.agency/blog/author/cullen/page/2.html]
[www.theiamedia.agency/blog/page/5.html]
[www.theiamedia.agency/blog/22-ways-to-improve-your-online-presence-local-seo3d9f.html]
[www.theiamedia.agency/blog/google-core-web-vitals-must-be-met-to-benefit-from-ranking-signal3d9f.html]
[www.theiamedia.agency/blog/six-step-checklist-for-measuring-linkedin-campaign-performance3d9f.html]
[www.theiamedia.agency/blog/setting-up-your-first-linkedin-ad-campaign-tips-optimizations3d9f.html]
[cdn.searchenginejournal.com/wp-content/uploads/2021/01/linkedin-user-base-600cbd2b45b14.html]
[cdn.searchenginejournal.com/wp-content/uploads/2021/01/linkedin-campaign-objectives-600cc1c2b0799.html]
[cdn.searchenginejournal.com/wp-content/uploads/2021/01/linkedin-audience-targeting-600cc373ed7ac.html]
[www.theiamedia.agency/blog/improve-your-email-marketing-strategy-in-2021-with-these-11-email-design-trends3d9f.html]
[www.theiamedia.agency/blog/facebook-advertising-is-about-to-change-are-you-ready3d9f.html]
[cdn.searchenginejournal.com/wp-content/uploads/2021/01/sej_apptracking-5ff88e372a8cd.html]
[cdn.searchenginejournal.com/wp-content/uploads/2021/01/sej_cook_tweet-5ff88dd679582.html]
[www.theiamedia.agency/blog/top-snapchat-ar-campaigns-of-20203d9f.html]
[www.theiamedia.agency/blog/social-media-competitor-analysis-in-10-steps3d9f.html]
[www.theiamedia.agency/blog/start-planning-your-social-media-calendar-for-2021-infographic3d9f.html]
[www.theiamedia.agency/blog/a-guide-to-online-lead-generation3d9f.html]
[www.theiamedia.agency/blog/simple-content-marketing-tips-guaranteed-to-save-you-time3d9f.html]
[www.theiamedia.agency/blog/author/cullen/page/1.html]
[www.theiamedia.agency/blog/author/cullen/page/3.html]
[www.theiamedia.agency/blog/author/cullen/page/generated_global_groups/28789910856.html]
[www.theiamedia.agency/blog/author/cullen/page/generated_global_groups/28765508454.html]
[www.theiamedia.agency/blog/author/cullen/page/generated_global_groups/28765508456.html]
[www.theiamedia.agency/blog/author/cullen/page/generated_global_groups/28765504090.html]
[www.theiamedia.agency/blog/author/cullen/page/generated_global_groups/28747431163.html]
[www.theiamedia.agency/blog/author/cullen/page/generated_global_groups/28765504078.html]
[www.theiamedia.agency/blog/author/cullen/page/POST.html]
[track.hubspot.com/__ptqf728.gif]
[track.hubspot.com/__ptqa03f.gif]
[www.theiamedia.agency/blog/author/cullen/page/4.html]
[www.theiamedia.agency/blog/author/cullen/page/4.html]
[track.hubspot.com/__ptq7afe.gif]
[track.hubspot.com/__ptq9534.gif]
[track.hubspot.com/__ptqb7f8.gif]
[track.hubspot.com/__ptqd828.gif]
[track.hubspot.com/__ptqf69c.gif]
[track.hubspot.com/__ptqb8a3.gif]
[track.hubspot.com/__ptq4edd.gif]
[track.hubspot.com/__ptqed91.gif]
[track.hubspot.com/__ptq4f25.gif]
[track.hubspot.com/__ptq380a.gif]
[track.hubspot.com/__ptq4908.gif]
[track.hubspot.com/__ptqbe4c.gif]
[track.hubspot.com/__ptqb770.gif]
[track.hubspot.com/__ptq2534.gif]
[track.hubspot.com/__ptq4259.gif]
[track.hubspot.com/__ptq4428.gif]
[track.hubspot.com/__ptqfb06.gif]
[track.hubspot.com/__ptq4df2.gif]
[track.hubspot.com/__ptq681b.gif]
[track.hubspot.com/__ptq28a0.gif]
[track.hubspot.com/__ptqbe42.gif]
[track.hubspot.com/__ptqe0e4.gif]
[track.hubspot.com/__ptq111c.gif]
[track.hubspot.com/__ptq14e5.gif]
[track.hubspot.com/__ptq152f.gif]
[track.hubspot.com/__ptq2019.gif]
[track.hubspot.com/__ptqa1dc.gif]
[track.hubspot.com/__ptq97f6.gif]
[track.hubspot.com/__ptqb538.gif]
[track.hubspot.com/__ptq8275.gif]
[track.hubspot.com/__ptq1f44.gif]
[track.hubspot.com/__ptqa3cf.gif]
[track.hubspot.com/__ptqae34.gif]
[track.hubspot.com/__ptqc0e6.gif]
[track.hubspot.com/__ptq6fd2.gif]
[track.hubspot.com/__ptqef93.gif]
[track.hubspot.com/__ptqca81.gif]
[track.hubspot.com/__ptq3ab0.gif]
[track.hubspot.com/__ptq79e1.gif]
